// Jest Snapshot v1, https://goo.gl/fbAQLP

exports[`Button Component should render the button correctly 1`] = `<button />`;
